case__48: top__GC0, 
reg__22: top__GC0, 
reg__55: top__GC0, 
reg__312: top__GC0, 
logic__224: top__GC0, 
reg__128: top__GC0, 
reg__154: top__GC0, 
reg__131: top__GC0, 
logic__32: top__GC0, 
reg__250: top__GC0, 
reg__13: top__GC0, 
case__72: top__GC0, 
reg__218: top__GC0, 
reg__106: top__GC0, 
reg__166: top__GC0, 
logic__88: top__GC0, 
datapath__50: int_calc__GB0, 
reg__188: top__GC0, 
datapath__53: top__GC0, 
reg__15: top__GC0, 
case__46: top__GC0, 
logic__284: top__GC0, 
reg__278: top__GC0, 
top__GC0: top__GC0, 
reg__118: top__GC0, 
reg__53: top__GC0, 
reg__181: top__GC0, 
reg__225: top__GC0, 
muxpart__19: top__GC0, 
reg__284: top__GC0, 
reg__74: top__GC0, 
case__65: top__GC0, 
logic__238: top__GC0, 
case__69: top__GC0, 
reg__366: top__GC0, 
case__30: top__GC0, 
logic__318: top__GC0, 
reg__63: top__GC0, 
reg__54: top__GC0, 
reg__171: top__GC0, 
reg__117: top__GC0, 
reg__18: top__GC0, 
reg__224: top__GC0, 
reg__260: top__GC0, 
reg__152: top__GC0, 
case__29: top__GC0, 
logic__28: top__GC0, 
datapath__14: top__GC0, 
reg__130: top__GC0, 
case__111: top__GC0, 
logic__222: top__GC0, 
logic__77: top__GC0, 
logic__19: top__GC0, 
reg__326: top__GC0, 
case__66: top__GC0, 
reg__319: top__GC0, 
reg__144: top__GC0, 
reg__129: top__GC0, 
logic__85: top__GC0, 
signinv: top__GC0, 
case__22: top__GC0, 
datapath__42: top__GC0, 
case__118: top__GC0, 
logic__64: top__GC0, 
datapath__5: top__GC0, 
dsp48e1__9: top__GC0, 
case__49: top__GC0, 
logic__356: top__GC0, 
datapath__44: top__GC0, 
reg__138: top__GC0, 
reg__293: top__GC0, 
case__43: top__GC0, 
reg__355: top__GC0, 
reg__232: top__GC0, 
reg__172: top__GC0, 
reg__329: top__GC0, 
logic__167: top__GC0, 
mult_64_64_64: int_calc__GB0, 
reg__209: top__GC0, 
muxpart__10: top__GC0, 
reg__268: top__GC0, 
datapath__41: top__GC0, 
fpu_round: top__GC0, 
logic__122: top__GC0, 
muxpart__23: top__GC0, 
logic__187: top__GC0, 
reg__244: top__GC0, 
reg__253: top__GC0, 
counter__2: top__GC0, 
reg__261: top__GC0, 
reg__231: top__GC0, 
reg__280: top__GC0, 
reg__90: top__GC0, 
case__121: top__GC0, 
reg__87: top__GC0, 
case__35: top__GC0, 
case__110: top__GC0, 
datapath__24: top__GC0, 
datapath__45: top__GC0, 
reg__34: top__GC0, 
reg__91: top__GC0, 
reg__103: top__GC0, 
reg__328: top__GC0, 
reg__39: top__GC0, 
logic__334: top__GC0, 
reg__121: top__GC0, 
reg__363: top__GC0, 
reg__70: top__GC0, 
logic__274: top__GC0, 
case__2: top__GC0, 
reg__276: top__GC0, 
logic__155: top__GC0, 
reg__141: top__GC0, 
reg__102: top__GC0, 
reg__208: top__GC0, 
logic__282: top__GC0, 
reg__309: top__GC0, 
reg__220: top__GC0, 
logic__192: top__GC0, 
case__3: top__GC0, 
counter: top__GC0, 
reg__28: top__GC0, 
case__102: top__GC0, 
logic__384: top__GC0, 
reg__222: top__GC0, 
case__77: top__GC0, 
reg__206: top__GC0, 
logic__400: top__GC0, 
logic__72: top__GC0, 
reg__234: top__GC0, 
reg__240: top__GC0, 
datapath__18: top__GC0, 
reg__116: top__GC0, 
reg__40: top__GC0, 
logic__247: top__GC0, 
logic__36: top__GC0, 
reg__228: top__GC0, 
fpu_sub: top__GC0, 
reg__299: top__GC0, 
reg__367: top__GC0, 
case__44: top__GC0, 
reg__315: top__GC0, 
logic__262: top__GC0, 
logic__357: top__GC0, 
logic__226: top__GC0, 
logic__75: top__GC0, 
logic__215: top__GC0, 
datapath__49: int_calc__GB0, 
reg__237: top__GC0, 
reg__295: top__GC0, 
case__81: top__GC0, 
reg__4: top__GC0, 
reg__233: top__GC0, 
reg__48: top__GC0, 
reg__16: top__GC0, 
case__99: top__GC0, 
reg__343: top__GC0, 
reg__238: top__GC0, 
logic__111: top__GC0, 
case__109: top__GC0, 
case__112: top__GC0, 
reg__338: top__GC0, 
reg__23: top__GC0, 
case__36: top__GC0, 
reg__110: top__GC0, 
logic__237: top__GC0, 
reg__7: top__GC0, 
reg__356: top__GC0, 
case__37: top__GC0, 
logic__110: top__GC0, 
logic__408: top__GC0, 
logic__389: top__GC0, 
datapath__7: top__GC0, 
reg__373: top__GC0, 
reg__32: top__GC0, 
reg__375: top__GC0, 
case__41: top__GC0, 
reg__194: top__GC0, 
logic__366: top__GC0, 
logic__27: top__GC0, 
case__33: top__GC0, 
reg__203: top__GC0, 
reg__45: top__GC0, 
reg__282: top__GC0, 
reg__196: top__GC0, 
reg__140: top__GC0, 
datapath__20: top__GC0, 
reg__88: top__GC0, 
logic__13: top__GC0, 
muxpart__8: int_calc__GB0, 
reg__158: top__GC0, 
reg__127: top__GC0, 
reg__264: top__GC0, 
reg__358: top__GC0, 
reg__3: top__GC0, 
case__23: top__GC0, 
case__54: top__GC0, 
reg__287: top__GC0, 
case: top__GC0, 
reg__8: top__GC0, 
case__68: top__GC0, 
logic__225: top__GC0, 
logic__133: top__GC0, 
reg__344: top__GC0, 
reg__42: top__GC0, 
fpu_double: top__GC0, 
reg__139: top__GC0, 
logic__97: top__GC0, 
reg__17: top__GC0, 
logic__263: top__GC0, 
reg__25: top__GC0, 
reg__221: top__GC0, 
reg__215: top__GC0, 
reg__44: top__GC0, 
muxpart__6: top__GC0, 
datapath__35: top__GC0, 
case__51: top__GC0, 
datapath__2: top__GC0, 
logic__181: top__GC0, 
reg__85: top__GC0, 
logic__190: top__GC0, 
datapath__29: top__GC0, 
case__67: top__GC0, 
reg__342: top__GC0, 
reg__33: top__GC0, 
reg__101: top__GC0, 
reg__64: top__GC0, 
reg__211: top__GC0, 
reg__334: top__GC0, 
logic__182: top__GC0, 
logic__191: top__GC0, 
case__19: top__GC0, 
reg__47: top__GC0, 
reg__37: top__GC0, 
reg__265: top__GC0, 
logic__402: top__GC0, 
case__45: top__GC0, 
case__70: top__GC0, 
reg__350: top__GC0, 
reg__142: top__GC0, 
logic__81: top__GC0, 
datapath__32: top__GC0, 
logic__299: top__GC0, 
reg__184: top__GC0, 
case__64: top__GC0, 
case__74: top__GC0, 
reg__36: top__GC0, 
reg__149: top__GC0, 
reg__297: top__GC0, 
logic__227: top__GC0, 
reg__167: top__GC0, 
reg__93: top__GC0, 
datapath__43: top__GC0, 
logic__330: top__GC0, 
logic__12: top__GC0, 
reg__113: top__GC0, 
reg__150: top__GC0, 
logic__364: top__GC0, 
reg__370: top__GC0, 
reg__305: top__GC0, 
reg__1: top__GC0, 
logic__10: top__GC0, 
reg__38: top__GC0, 
logic__319: top__GC0, 
reg__235: top__GC0, 
reg__72: top__GC0, 
logic__37: top__GC0, 
logic__403: top__GC0, 
reg__337: top__GC0, 
reg__174: top__GC0, 
logic__38: top__GC0, 
datapath__1: top__GC0, 
reg__81: top__GC0, 
reg__371: top__GC0, 
datapath__27: top__GC0, 
reg__345: top__GC0, 
muxpart__7: top__GC0, 
reg__361: top__GC0, 
reg__78: top__GC0, 
muxpart__20: top__GC0, 
logic__93: top__GC0, 
reg__255: top__GC0, 
case__79: top__GC0, 
case__52: top__GC0, 
logic__229: top__GC0, 
reg__257: top__GC0, 
reg__330: top__GC0, 
reg__294: top__GC0, 
case__130: top__GC0, 
logic__57: top__GC0, 
muxpart__21: top__GC0, 
logic__70: top__GC0, 
reg__163: top__GC0, 
reg__126: top__GC0, 
reg__204: top__GC0, 
case__60: top__GC0, 
reg__210: top__GC0, 
reg__318: top__GC0, 
reg__30: top__GC0, 
reg__122: top__GC0, 
logic__388: top__GC0, 
reg__317: top__GC0, 
reg__143: top__GC0, 
logic__18: top__GC0, 
reg__98: top__GC0, 
logic__2: top__GC0, 
logic__78: top__GC0, 
reg__298: top__GC0, 
logic__119: top__GC0, 
case__100: top__GC0, 
logic__63: top__GC0, 
datapath__17: top__GC0, 
reg__151: top__GC0, 
reg__62: top__GC0, 
reg__19: top__GC0, 
logic__362: top__GC0, 
logic__94: top__GC0, 
reg__320: top__GC0, 
case__14: top__GC0, 
reg__207: top__GC0, 
reg__89: top__GC0, 
reg__286: top__GC0, 
reg__162: top__GC0, 
datapath__9: top__GC0, 
reg__223: top__GC0, 
logic__261: top__GC0, 
reg__109: top__GC0, 
logic__43: top__GC0, 
dsp48e1__2: top__GC0, 
muxpart__18: top__GC0, 
reg__332: top__GC0, 
logic__179: top__GC0, 
reg__76: top__GC0, 
case__17: top__GC0, 
reg__251: top__GC0, 
logic__178: top__GC0, 
datapath__12: top__GC0, 
logic__310: top__GC0, 
datapath__40: top__GC0, 
reg__177: top__GC0, 
reg__66: top__GC0, 
reg__185: top__GC0, 
logic__199: top__GC0, 
datapath__34: top__GC0, 
reg__341: top__GC0, 
fpu_exceptions: top__GC0, 
datapath__22: top__GC0, 
reg__52: top__GC0, 
reg__86: top__GC0, 
counter__1: top__GC0, 
datapath__10: top__GC0, 
reg__176: top__GC0, 
case__82: top__GC0, 
reg__241: top__GC0, 
reg__351: top__GC0, 
reg__271: top__GC0, 
datapath__13: top__GC0, 
case__101: top__GC0, 
counter__3: top__GC0, 
reg__347: top__GC0, 
case__10: top__GC0, 
logic__177: top__GC0, 
logic__96: top__GC0, 
datapath__6: top__GC0, 
logic__113: top__GC0, 
case__123: top__GC0, 
reg__213: top__GC0, 
reg__92: top__GC0, 
reg__119: top__GC0, 
reg__82: top__GC0, 
reg__161: top__GC0, 
reg__333: top__GC0, 
case__40: top__GC0, 
case__53: top__GC0, 
logic__290: top__GC0, 
logic__404: top__GC0, 
logic__265: top__GC0, 
reg__123: top__GC0, 
reg__339: top__GC0, 
reg__346: top__GC0, 
reg__12: top__GC0, 
muxpart__5: top__GC0, 
reg__300: top__GC0, 
reg__191: top__GC0, 
reg__354: top__GC0, 
reg__59: top__GC0, 
logic__393: top__GC0, 
case__117: top__GC0, 
case__32: top__GC0, 
reg__193: top__GC0, 
reg__273: top__GC0, 
reg__153: top__GC0, 
case__128: top__GC0, 
reg__245: top__GC0, 
reg__115: top__GC0, 
case__91: top__GC0, 
reg__179: top__GC0, 
muxpart__2: top__GC0, 
reg__290: top__GC0, 
logic__71: top__GC0, 
case__129: top__GC0, 
reg__50: top__GC0, 
reg__352: top__GC0, 
reg__325: top__GC0, 
logic__331: top__GC0, 
reg__69: top__GC0, 
reg__183: top__GC0, 
logic__212: top__GC0, 
dsp48e1__6: top__GC0, 
logic__213: top__GC0, 
case__38: top__GC0, 
logic__254: top__GC0, 
datapath__21: top__GC0, 
logic__143: top__GC0, 
case__76: top__GC0, 
logic__147: top__GC0, 
reg__243: top__GC0, 
datapath__38: top__GC0, 
reg__148: top__GC0, 
logic__165: top__GC0, 
case__115: top__GC0, 
logic__298: top__GC0, 
case__27: top__GC0, 
fpu_add: top__GC0, 
reg__71: top__GC0, 
reg__199: top__GC0, 
reg__31: top__GC0, 
reg__302: top__GC0, 
reg__65: top__GC0, 
reg__187: top__GC0, 
muxpart: top__GC0, 
logic__223: top__GC0, 
logic__39: top__GC0, 
logic__296: top__GC0, 
reg__262: top__GC0, 
reg__21: top__GC0, 
reg__353: top__GC0, 
case__125: top__GC0, 
case__28: top__GC0, 
reg__198: top__GC0, 
logic__289: top__GC0, 
reg__249: top__GC0, 
case__26: top__GC0, 
reg__230: top__GC0, 
logic__103: top__GC0, 
reg__58: top__GC0, 
reg__156: top__GC0, 
logic__125: top__GC0, 
reg__147: top__GC0, 
reg__189: top__GC0, 
logic__11: top__GC0, 
datapath__8: top__GC0, 
reg__331: top__GC0, 
logic__164: top__GC0, 
logic__159: top__GC0, 
dsp48e1__7: top__GC0, 
datapath__48: top__GC0, 
reg__340: top__GC0, 
reg__252: top__GC0, 
fpu_div: top__GC0, 
reg__369: top__GC0, 
reg__324: top__GC0, 
case__103: top__GC0, 
logic__228: top__GC0, 
logic__234: top__GC0, 
reg__84: top__GC0, 
logic__385: top__GC0, 
logic__52: top__GC0, 
reg__67: top__GC0, 
logic__151: top__GC0, 
logic__253: top__GC0, 
reg__77: top__GC0, 
uart_out: top__GC0, 
case__127: top__GC0, 
case__116: top__GC0, 
case__7: top__GC0, 
logic__6: top__GC0, 
logic__9: top__GC0, 
case__47: top__GC0, 
reg__306: top__GC0, 
reg__365: top__GC0, 
logic__184: top__GC0, 
logic__239: top__GC0, 
logic__65: top__GC0, 
logic__230: top__GC0, 
logic__317: top__GC0, 
reg__322: top__GC0, 
logic__166: top__GC0, 
reg__99: top__GC0, 
reg__134: top__GC0, 
case__39: top__GC0, 
logic__128: top__GC0, 
reg__190: top__GC0, 
reg__160: top__GC0, 
reg__108: top__GC0, 
reg__68: top__GC0, 
reg__80: top__GC0, 
datapath__3: top__GC0, 
logic__203: top__GC0, 
reg__254: top__GC0, 
reg__277: top__GC0, 
reg__205: top__GC0, 
logic__196: top__GC0, 
datapath: top__GC0, 
int_bit_manip: top__GC0, 
datapath__11: top__GC0, 
reg__135: top__GC0, 
datapath__52: int_calc__GB0, 
case__4: top__GC0, 
reg__266: top__GC0, 
logic__95: top__GC0, 
logic__161: top__GC0, 
muxpart__4: top__GC0, 
logic__121: top__GC0, 
reg__336: top__GC0, 
reg__136: top__GC0, 
logic__35: top__GC0, 
logic: top__GC0, 
reg__335: top__GC0, 
reg__308: top__GC0, 
logic__92: top__GC0, 
logic__176: top__GC0, 
reg__374: top__GC0, 
case__87: top__GC0, 
reg__41: top__GC0, 
reg__283: top__GC0, 
reg__104: top__GC0, 
reg__259: top__GC0, 
logic__221: top__GC0, 
logic__195: top__GC0, 
reg__269: top__GC0, 
datapath__16: top__GC0, 
reg__10: top__GC0, 
muxpart__22: top__GC0, 
reg__5: top__GC0, 
datapath__25: top__GC0, 
logic__152: top__GC0, 
reg__229: top__GC0, 
reg__201: top__GC0, 
logic__371: top__GC0, 
case__71: top__GC0, 
reg__247: top__GC0, 
logic__258: top__GC0, 
reg__83: top__GC0, 
reg__105: top__GC0, 
reg__263: top__GC0, 
logic__40: top__GC0, 
dsp48e1__5: top__GC0, 
case__104: top__GC0, 
reg: top__GC0, 
logic__183: top__GC0, 
reg__159: top__GC0, 
reg__285: top__GC0, 
logic__411: top__GC0, 
case__120: top__GC0, 
reg__124: top__GC0, 
reg__165: top__GC0, 
reg__321: top__GC0, 
reg__96: top__GC0, 
reg__173: top__GC0, 
reg__11: top__GC0, 
logic__202: top__GC0, 
case__105: top__GC0, 
case__15: top__GC0, 
logic__74: top__GC0, 
case__61: top__GC0, 
dsp48e1__1: top__GC0, 
reg__157: top__GC0, 
reg__303: top__GC0, 
logic__146: top__GC0, 
logic__89: top__GC0, 
logic__14: top__GC0, 
reg__195: top__GC0, 
reg__291: top__GC0, 
case__55: top__GC0, 
dsp48e1__4: top__GC0, 
datapath__30: top__GC0, 
case__25: top__GC0, 
logic__242: top__GC0, 
reg__112: top__GC0, 
case__59: top__GC0, 
reg__197: top__GC0, 
reg__182: top__GC0, 
reg__56: top__GC0, 
case__12: top__GC0, 
logic__158: top__GC0, 
logic__98: top__GC0, 
reg__146: top__GC0, 
reg__304: top__GC0, 
reg__313: top__GC0, 
logic__62: top__GC0, 
reg__307: top__GC0, 
case__75: top__GC0, 
logic__17: top__GC0, 
int_calc__GB0: int_calc__GB0, 
reg__14: top__GC0, 
logic__73: top__GC0, 
logic__337: top__GC0, 
logic__309: top__GC0, 
reg__357: top__GC0, 
case__9: top__GC0, 
reg__301: top__GC0, 
reg__267: top__GC0, 
reg__51: top__GC0, 
reg__323: top__GC0, 
my_dff_en: top__GC0, 
datapath__4: top__GC0, 
reg__73: top__GC0, 
reg__281: top__GC0, 
reg__292: top__GC0, 
logic__307: top__GC0, 
logic__160: top__GC0, 
case__90: int_calc__GB0, 
reg__178: top__GC0, 
case__107: top__GC0, 
reg__274: top__GC0, 
reg__169: top__GC0, 
datapath__26: top__GC0, 
logic__246: top__GC0, 
reg__275: top__GC0, 
reg__180: top__GC0, 
reg__348: top__GC0, 
reg__132: top__GC0, 
datapath__51_int_calc__GD: datapath__51_int_calc__GD, 
logic__365: top__GC0, 
reg__111: top__GC0, 
case__85: top__GC0, 
reg__43: top__GC0, 
logic__401: top__GC0, 
reg__258: top__GC0, 
reg__192: top__GC0, 
logic__50: top__GC0, 
reg__94: top__GC0, 
case__98: top__GC0, 
case__131: top__GC0, 
reg__368: top__GC0, 
case__20: top__GC0, 
datapath__36: top__GC0, 
reg__95: top__GC0, 
case__88: int_calc__GB0, 
reg__114: top__GC0, 
logic__329: int_calc__GB0, 
case__13: top__GC0, 
reg__79: top__GC0, 
logic__308: top__GC0, 
case__73: top__GC0, 
dsp48e1: top__GC0, 
reg__60: top__GC0, 
reg__97: top__GC0, 
reg__155: top__GC0, 
reg__2: top__GC0, 
logic__216: top__GC0, 
case__97: top__GC0, 
datapath__51: datapath__51_int_calc__GD, 
datapath__31: top__GC0, 
muxpart__3: top__GC0, 
reg__289: top__GC0, 
logic__336: top__GC0, 
datapath__39: top__GC0, 
logic__150: top__GC0, 
logic__102: top__GC0, 
reg__219: top__GC0, 
case__126: top__GC0, 
reg__279: top__GC0, 
logic__58: top__GC0, 
logic__180: top__GC0, 
logic__264: top__GC0, 
reg__349: top__GC0, 
logic__46: top__GC0, 
reg__29: top__GC0, 
datapath__15: top__GC0, 
reg__145: top__GC0, 
logic__363: top__GC0, 
reg__35: top__GC0, 
case__16: top__GC0, 
int_log: top__GC0, 
reg__272: top__GC0, 
logic__206: top__GC0, 
logic__5: top__GC0, 
reg__49: top__GC0, 
reg__248: top__GC0, 
muxpart__1: top__GC0, 
logic__288: top__GC0, 
datapath__28: top__GC0, 
datapath__19: top__GC0, 
case__57: top__GC0, 
reg__214: top__GC0, 
debouncer: top__GC0, 
reg__57: top__GC0, 
logic__277: top__GC0, 
dsp48e1__3: top__GC0, 
logic__76: top__GC0, 
reg__125: top__GC0, 
reg__296: top__GC0, 
case__6: top__GC0, 
case__119: top__GC0, 
reg__360: top__GC0, 
reg__20: top__GC0, 
dsp48e1__8: top__GC0, 
logic__413: top__GC0, 
reg__175: top__GC0, 
reg__362: top__GC0, 
reg__217: top__GC0, 
reg__168: top__GC0, 
datapath__46: top__GC0, 
logic__332: top__GC0, 
case__56: top__GC0, 
logic__31: top__GC0, 
logic__245: top__GC0, 
reg__359: top__GC0, 
logic__112: top__GC0, 
reg__242: top__GC0, 
reg__24: top__GC0, 
case__83: top__GC0, 
reg__316: top__GC0, 
logic__51: top__GC0, 
case__1: top__GC0, 
reg__27: top__GC0, 
datapath__23: top__GC0, 
datapath__33: top__GC0, 
case__50: top__GC0, 
reg__216: top__GC0, 
reg__133: top__GC0, 
reg__310: top__GC0, 
reg__236: top__GC0, 
reg__137: top__GC0, 
case__21: top__GC0, 
reg__46: top__GC0, 
reg__61: top__GC0, 
reg__239: top__GC0, 
reg__75: top__GC0, 
case__113: top__GC0, 
reg__372: top__GC0, 
reg__256: top__GC0, 
reg__170: top__GC0, 
reg__202: top__GC0, 
case__18: top__GC0, 
UART_TX_CTRL: top__GC0, 
reg__327: top__GC0, 
fpu_mul: top__GC0, 
logic__142: top__GC0, 
reg__314: top__GC0, 
logic__139: top__GC0, 
reg__107: top__GC0, 
case__5: top__GC0, 
datapath__47: top__GC0, 
reg__26: top__GC0, 
datapath__54: top__GC0, 
logic__100: top__GC0, 
case__8: top__GC0, 
reg__9: top__GC0, 
reg__186: top__GC0, 
case__58: top__GC0, 
reg__6: top__GC0, 
logic__283: top__GC0, 
logic__156: top__GC0, 
logic__250: top__GC0, 
datapath__37: top__GC0, 
logic__214: top__GC0, 
case__108: top__GC0, 
reg__164: top__GC0, 
logic__49: top__GC0, 
case__34: top__GC0, 
case__122: top__GC0, 
reg__311: top__GC0, 
logic__285: top__GC0, 
logic__157: top__GC0, 
reg__364: top__GC0, 
reg__270: top__GC0, 
reg__246: top__GC0, 
case__11: top__GC0, 
reg__100: top__GC0, 
reg__120: top__GC0, 
case__24: top__GC0, 
logic__333: top__GC0, 
case__114: top__GC0, 
logic__120: top__GC0, 
reg__200: top__GC0, 
reg__212: top__GC0, 
case__78: top__GC0, 
case__42: top__GC0, 
logic__335: top__GC0, 
clock_enable: top__GC0, 
logic__104: top__GC0, 
case__63: top__GC0, 
counter__4: top__GC0, 
reg__288: top__GC0, 
