case__48: case__48
reg__22: reg__22
reg__55: reg__55
reg__312: reg__312
logic__224: logic__224
reg__128: reg__128
reg__154: reg__154
reg__131: reg__131
logic__32: logic__32
reg__250: reg__250
reg__13: reg__13
case__72: case__72
reg__218: reg__218
reg__106: reg__106
reg__166: reg__166
logic__88: logic__88
datapath__50: datapath__50
reg__188: reg__188
datapath__53: datapath__53
reg__15: reg__15
case__46: case__46
logic__284: logic__284
reg__278: reg__278
top__GC0: top__GC0
reg__118: reg__118
reg__53: reg__53
reg__181: reg__181
reg__225: reg__225
muxpart__19: muxpart__19
reg__284: reg__284
reg__74: reg__74
case__65: case__65
logic__238: logic__238
case__69: case__69
reg__366: reg__366
case__30: case__30
logic__318: logic__318
reg__63: reg__63
reg__54: reg__54
reg__171: reg__171
reg__117: reg__117
reg__18: reg__18
reg__224: reg__224
reg__260: reg__260
reg__152: reg__152
case__29: case__29
logic__28: logic__28
datapath__14: datapath__14
reg__130: reg__130
case__111: case__111
logic__222: logic__222
logic__77: logic__77
logic__19: logic__19
reg__326: reg__326
case__66: case__66
reg__319: reg__319
reg__144: reg__144
reg__129: reg__129
logic__85: logic__85
signinv: signinv
case__22: case__22
datapath__42: datapath__42
case__118: case__118
logic__64: logic__64
datapath__5: datapath__5
dsp48e1__9: dsp48e1__9
case__49: case__49
logic__356: logic__356
datapath__44: datapath__44
reg__138: reg__138
reg__293: reg__293
case__43: case__43
reg__355: reg__355
reg__232: reg__232
reg__172: reg__172
reg__329: reg__329
logic__167: logic__167
mult_64_64_64: mult_64_64_64
reg__209: reg__209
muxpart__10: muxpart__10
reg__268: reg__268
datapath__41: datapath__41
fpu_round: fpu_round
logic__122: logic__122
muxpart__23: muxpart__23
logic__187: logic__187
reg__244: reg__244
reg__253: reg__253
counter__2: counter__2
reg__261: reg__261
reg__231: reg__231
reg__280: reg__280
reg__90: reg__90
case__121: case__121
reg__87: reg__87
case__35: case__35
case__110: case__110
datapath__24: datapath__24
datapath__45: datapath__45
reg__34: reg__34
reg__91: reg__91
reg__103: reg__103
reg__328: reg__328
reg__39: reg__39
logic__334: logic__334
reg__121: reg__121
reg__363: reg__363
reg__70: reg__70
logic__274: logic__274
case__2: case__2
reg__276: reg__276
logic__155: logic__155
reg__141: reg__141
reg__102: reg__102
reg__208: reg__208
logic__282: logic__282
reg__309: reg__309
reg__220: reg__220
logic__192: logic__192
case__3: case__3
counter: counter
reg__28: reg__28
case__102: case__102
logic__384: logic__384
reg__222: reg__222
case__77: case__77
reg__206: reg__206
logic__400: logic__400
logic__72: logic__72
reg__234: reg__234
reg__240: reg__240
datapath__18: datapath__18
reg__116: reg__116
reg__40: reg__40
logic__247: logic__247
logic__36: logic__36
reg__228: reg__228
fpu_sub: fpu_sub
reg__299: reg__299
reg__367: reg__367
case__44: case__44
reg__315: reg__315
logic__262: logic__262
logic__357: logic__357
logic__226: logic__226
logic__75: logic__75
logic__215: logic__215
datapath__49: datapath__49
reg__237: reg__237
reg__295: reg__295
case__81: case__81
reg__4: reg__4
reg__233: reg__233
reg__48: reg__48
reg__16: reg__16
case__99: case__99
reg__343: reg__343
reg__238: reg__238
logic__111: logic__111
case__109: case__109
case__112: case__112
reg__338: reg__338
reg__23: reg__23
case__36: case__36
reg__110: reg__110
logic__237: logic__237
reg__7: reg__7
reg__356: reg__356
case__37: case__37
logic__110: logic__110
logic__408: logic__408
logic__389: logic__389
datapath__7: datapath__7
reg__373: reg__373
reg__32: reg__32
reg__375: reg__375
case__41: case__41
reg__194: reg__194
logic__366: logic__366
logic__27: logic__27
case__33: case__33
reg__203: reg__203
reg__45: reg__45
reg__282: reg__282
reg__196: reg__196
reg__376: reg
reg__140: reg__140
datapath__20: datapath__20
reg__88: reg__88
my_dff_en__2: my_dff_en
logic__13: logic__13
muxpart__8: muxpart__8
reg__158: reg__158
reg__127: reg__127
reg__264: reg__264
reg__358: reg__358
reg__3: reg__3
case__23: case__23
case__54: case__54
reg__287: reg__287
case: case
reg__8: reg__8
case__68: case__68
logic__225: logic__225
logic__133: logic__133
reg__344: reg__344
reg__42: reg__42
fpu_double: fpu_double
reg__139: reg__139
logic__97: logic__97
reg__17: reg__17
logic__263: logic__263
reg__25: reg__25
reg__221: reg__221
reg__215: reg__215
reg__44: reg__44
muxpart__6: muxpart__6
datapath__35: datapath__35
case__51: case__51
datapath__2: datapath__2
logic__181: logic__181
reg__85: reg__85
logic__190: logic__190
datapath__29: datapath__29
case__67: case__67
reg__342: reg__342
reg__33: reg__33
reg__101: reg__101
reg__64: reg__64
reg__211: reg__211
reg__334: reg__334
logic__182: logic__182
logic__191: logic__191
case__19: case__19
reg__47: reg__47
reg__37: reg__37
reg__265: reg__265
logic__402: logic__402
case__45: case__45
case__70: case__70
reg__350: reg__350
reg__142: reg__142
logic__81: logic__81
datapath__32: datapath__32
logic__299: logic__299
reg__184: reg__184
case__64: case__64
case__74: case__74
reg__36: reg__36
reg__149: reg__149
reg__297: reg__297
logic__227: logic__227
reg__167: reg__167
reg__93: reg__93
datapath__43: datapath__43
logic__330: logic__330
logic__12: logic__12
reg__113: reg__113
reg__150: reg__150
logic__364: logic__364
reg__370: reg__370
reg__305: reg__305
reg__1: reg__1
logic__10: logic__10
reg__38: reg__38
logic__319: logic__319
reg__235: reg__235
reg__72: reg__72
logic__37: logic__37
logic__403: logic__403
reg__337: reg__337
reg__174: reg__174
logic__38: logic__38
datapath__1: datapath__1
reg__81: reg__81
reg__371: reg__371
datapath__27: datapath__27
reg__345: reg__345
muxpart__7: muxpart__7
reg__361: reg__361
reg__78: reg__78
muxpart__20: muxpart__20
logic__93: logic__93
reg__255: reg__255
case__79: case__79
case__52: case__52
logic__229: logic__229
reg__257: reg__257
reg__330: reg__330
reg__294: reg__294
case__130: case__130
logic__57: logic__57
muxpart__21: muxpart__21
logic__70: logic__70
reg__163: reg__163
reg__126: reg__126
reg__204: reg__204
case__60: case__60
reg__210: reg__210
reg__318: reg__318
reg__30: reg__30
reg__122: reg__122
logic__388: logic__388
reg__317: reg__317
reg__143: reg__143
logic__18: logic__18
reg__98: reg__98
logic__2: logic__2
logic__78: logic__78
reg__298: reg__298
logic__119: logic__119
case__100: case__100
logic__63: logic__63
datapath__17: datapath__17
reg__151: reg__151
reg__62: reg__62
reg__19: reg__19
logic__362: logic__362
logic__94: logic__94
reg__320: reg__320
case__14: case__14
reg__207: reg__207
reg__89: reg__89
reg__286: reg__286
reg__162: reg__162
datapath__9: datapath__9
reg__223: reg__223
logic__261: logic__261
reg__109: reg__109
logic__43: logic__43
dsp48e1__2: dsp48e1__2
muxpart__18: muxpart__18
reg__332: reg__332
logic__179: logic__179
reg__76: reg__76
case__17: case__17
reg__251: reg__251
logic__178: logic__178
datapath__12: datapath__12
logic__310: logic__310
datapath__40: datapath__40
reg__177: reg__177
reg__66: reg__66
reg__185: reg__185
logic__199: logic__199
datapath__34: datapath__34
reg__341: reg__341
fpu_exceptions: fpu_exceptions
datapath__22: datapath__22
reg__52: reg__52
reg__86: reg__86
counter__1: counter__1
datapath__10: datapath__10
reg__176: reg__176
case__82: case__82
reg__241: reg__241
reg__351: reg__351
reg__271: reg__271
datapath__13: datapath__13
case__101: case__101
counter__3: counter__3
reg__347: reg__347
case__10: case__10
logic__177: logic__177
logic__96: logic__96
datapath__6: datapath__6
logic__113: logic__113
case__123: case__123
reg__213: reg__213
reg__92: reg__92
reg__119: reg__119
reg__82: reg__82
reg__161: reg__161
reg__333: reg__333
case__40: case__40
case__53: case__53
logic__290: logic__290
logic__404: logic__404
logic__265: logic__265
reg__123: reg__123
reg__339: reg__339
reg__346: reg__346
reg__12: reg__12
muxpart__5: muxpart__5
reg__300: reg__300
reg__191: reg__191
reg__354: reg__354
reg__59: reg__59
logic__393: logic__393
case__117: case__117
case__32: case__32
reg__193: reg__193
reg__273: reg__273
reg__153: reg__153
case__128: case__128
reg__245: reg__245
reg__115: reg__115
case__91: case__91
reg__179: reg__179
muxpart__2: muxpart__2
reg__290: reg__290
logic__71: logic__71
case__129: case__129
reg__50: reg__50
reg__352: reg__352
reg__325: reg__325
logic__331: logic__331
reg__69: reg__69
reg__183: reg__183
logic__212: logic__212
dsp48e1__6: dsp48e1__6
logic__213: logic__213
case__38: case__38
logic__254: logic__254
datapath__21: datapath__21
logic__143: logic__143
case__76: case__76
reg__243: reg__243
logic__147: logic__147
datapath__38: datapath__38
reg__148: reg__148
logic__165: logic__165
case__115: case__115
logic__298: logic__298
case__27: case__27
fpu_add: fpu_add
reg__71: reg__71
reg__199: reg__199
reg__31: reg__31
reg__302: reg__302
reg__65: reg__65
reg__187: reg__187
muxpart: muxpart
logic__223: logic__223
logic__39: logic__39
logic__296: logic__296
reg__262: reg__262
reg__21: reg__21
reg__353: reg__353
case__125: case__125
case__28: case__28
reg__198: reg__198
logic__289: logic__289
reg__249: reg__249
case__26: case__26
reg__230: reg__230
logic__103: logic__103
reg__58: reg__58
reg__156: reg__156
logic__125: logic__125
reg__147: reg__147
reg__189: reg__189
logic__11: logic__11
datapath__8: datapath__8
reg__331: reg__331
logic__164: logic__164
logic__159: logic__159
dsp48e1__7: dsp48e1__7
datapath__48: datapath__48
reg__340: reg__340
reg__252: reg__252
fpu_div: fpu_div
reg__369: reg__369
reg__324: reg__324
case__103: case__103
logic__228: logic__228
logic__234: logic__234
reg__84: reg__84
logic__385: logic__385
logic__52: logic__52
reg__67: reg__67
logic__151: logic__151
logic__253: logic__253
reg__77: reg__77
uart_out: uart_out
case__127: case__127
case__116: case__116
case__7: case__7
logic__6: logic__6
logic__9: logic__9
case__47: case__47
reg__306: reg__306
reg__365: reg__365
logic__184: logic__184
logic__239: logic__239
logic__65: logic__65
logic__230: logic__230
logic__317: logic__317
reg__322: reg__322
logic__166: logic__166
reg__99: reg__99
reg__134: reg__134
case__39: case__39
logic__128: logic__128
reg__190: reg__190
reg__160: reg__160
reg__108: reg__108
reg__68: reg__68
reg__80: reg__80
datapath__3: datapath__3
logic__203: logic__203
reg__254: reg__254
reg__277: reg__277
reg__205: reg__205
logic__196: logic__196
datapath: datapath
int_bit_manip: int_bit_manip
datapath__11: datapath__11
reg__135: reg__135
datapath__52: datapath__52
case__4: case__4
reg__266: reg__266
logic__95: logic__95
logic__161: logic__161
muxpart__4: muxpart__4
logic__121: logic__121
reg__336: reg__336
reg__136: reg__136
logic__35: logic__35
logic: logic
reg__335: reg__335
reg__308: reg__308
logic__92: logic__92
logic__176: logic__176
reg__374: reg__374
case__87: case__87
reg__41: reg__41
reg__283: reg__283
reg__104: reg__104
reg__259: reg__259
logic__221: logic__221
logic__195: logic__195
reg__269: reg__269
datapath__16: datapath__16
reg__10: reg__10
muxpart__22: muxpart__22
reg__5: reg__5
datapath__25: datapath__25
logic__152: logic__152
reg__229: reg__229
reg__201: reg__201
logic__371: logic__371
case__71: case__71
reg__247: reg__247
logic__258: logic__258
reg__83: reg__83
reg__105: reg__105
reg__263: reg__263
logic__40: logic__40
dsp48e1__5: dsp48e1__5
case__104: case__104
reg: reg
logic__183: logic__183
reg__159: reg__159
reg__285: reg__285
logic__411: logic__411
case__120: case__120
reg__124: reg__124
reg__165: reg__165
reg__321: reg__321
reg__96: reg__96
reg__173: reg__173
reg__11: reg__11
logic__202: logic__202
case__105: case__105
case__15: case__15
logic__74: logic__74
case__61: case__61
dsp48e1__1: dsp48e1__1
reg__157: reg__157
reg__303: reg__303
logic__146: logic__146
logic__89: logic__89
logic__14: logic__14
reg__195: reg__195
reg__291: reg__291
case__55: case__55
dsp48e1__4: dsp48e1__4
datapath__30: datapath__30
case__25: case__25
logic__242: logic__242
reg__112: reg__112
case__59: case__59
reg__197: reg__197
reg__182: reg__182
reg__56: reg__56
case__12: case__12
logic__158: logic__158
logic__98: logic__98
reg__146: reg__146
reg__304: reg__304
reg__313: reg__313
logic__62: logic__62
reg__307: reg__307
case__75: case__75
logic__17: logic__17
int_calc__GB0: int_calc__GB0
reg__14: reg__14
logic__73: logic__73
logic__337: logic__337
logic__309: logic__309
reg__357: reg__357
case__9: case__9
reg__301: reg__301
reg__267: reg__267
reg__51: reg__51
reg__323: reg__323
my_dff_en: my_dff_en
datapath__4: datapath__4
reg__73: reg__73
reg__281: reg__281
reg__377: reg
reg__292: reg__292
logic__307: logic__307
logic__160: logic__160
case__90: case__90
reg__178: reg__178
case__107: case__107
reg__274: reg__274
reg__169: reg__169
datapath__26: datapath__26
logic__246: logic__246
reg__275: reg__275
reg__180: reg__180
reg__348: reg__348
reg__132: reg__132
datapath__51_int_calc__GD: datapath__51_int_calc__GD
logic__365: logic__365
reg__111: reg__111
case__85: case__85
reg__43: reg__43
logic__401: logic__401
reg__258: reg__258
reg__192: reg__192
logic__50: logic__50
reg__94: reg__94
case__98: case__98
case__131: case__131
reg__368: reg__368
case__20: case__20
datapath__36: datapath__36
my_dff_en__1: my_dff_en
reg__95: reg__95
case__88: case__88
reg__114: reg__114
logic__329: logic__329
case__13: case__13
reg__79: reg__79
logic__308: logic__308
case__73: case__73
dsp48e1: dsp48e1
reg__60: reg__60
reg__97: reg__97
reg__155: reg__155
reg__2: reg__2
logic__216: logic__216
case__97: case__97
datapath__51: datapath__51
datapath__31: datapath__31
muxpart__3: muxpart__3
reg__289: reg__289
logic__336: logic__336
datapath__39: datapath__39
logic__150: logic__150
logic__102: logic__102
reg__219: reg__219
case__126: case__126
reg__279: reg__279
logic__58: logic__58
logic__180: logic__180
logic__264: logic__264
reg__349: reg__349
logic__46: logic__46
reg__29: reg__29
datapath__15: datapath__15
reg__145: reg__145
logic__363: logic__363
reg__35: reg__35
case__16: case__16
int_log: int_log
reg__272: reg__272
logic__206: logic__206
logic__5: logic__5
reg__49: reg__49
reg__248: reg__248
muxpart__1: muxpart__1
logic__288: logic__288
datapath__28: datapath__28
datapath__19: datapath__19
case__57: case__57
reg__214: reg__214
debouncer: debouncer
reg__57: reg__57
logic__277: logic__277
dsp48e1__3: dsp48e1__3
logic__76: logic__76
reg__125: reg__125
reg__296: reg__296
case__6: case__6
case__119: case__119
reg__360: reg__360
reg__20: reg__20
dsp48e1__8: dsp48e1__8
logic__413: logic__413
reg__175: reg__175
reg__362: reg__362
reg__217: reg__217
reg__168: reg__168
datapath__46: datapath__46
logic__332: logic__332
case__56: case__56
logic__31: logic__31
logic__245: logic__245
reg__359: reg__359
logic__112: logic__112
reg__242: reg__242
reg__24: reg__24
case__83: case__83
reg__316: reg__316
logic__51: logic__51
case__1: case__1
reg__27: reg__27
datapath__23: datapath__23
datapath__33: datapath__33
case__50: case__50
reg__216: reg__216
reg__133: reg__133
reg__310: reg__310
reg__236: reg__236
reg__137: reg__137
case__21: case__21
reg__46: reg__46
reg__61: reg__61
reg__239: reg__239
reg__75: reg__75
case__113: case__113
reg__372: reg__372
reg__256: reg__256
reg__170: reg__170
reg__202: reg__202
case__18: case__18
UART_TX_CTRL: UART_TX_CTRL
reg__327: reg__327
fpu_mul: fpu_mul
logic__142: logic__142
reg__314: reg__314
logic__139: logic__139
reg__107: reg__107
case__5: case__5
datapath__47: datapath__47
reg__26: reg__26
datapath__54: datapath__54
logic__100: logic__100
case__8: case__8
reg__9: reg__9
reg__186: reg__186
case__58: case__58
reg__6: reg__6
logic__283: logic__283
logic__156: logic__156
logic__250: logic__250
datapath__37: datapath__37
logic__214: logic__214
case__108: case__108
reg__164: reg__164
logic__49: logic__49
case__34: case__34
case__122: case__122
reg__311: reg__311
logic__285: logic__285
logic__157: logic__157
reg__364: reg__364
reg__270: reg__270
reg__246: reg__246
case__11: case__11
reg__100: reg__100
reg__120: reg__120
case__24: case__24
logic__333: logic__333
case__114: case__114
logic__120: logic__120
reg__200: reg__200
reg__212: reg__212
case__78: case__78
case__42: case__42
logic__335: logic__335
clock_enable: clock_enable
logic__104: logic__104
case__63: case__63
counter__4: counter__4
reg__288: reg__288
